Command: /home/yuri/.espressif/python_env/idf6.1_py3.14_env/bin/python /home/yuri/esp/esp-idf/tools/idf_monitor.py -p /dev/ttyACM0 -b 115200 --toolchain-prefix xtensa-esp32s3-elf- --target esp32s3 --revision 0 /home/yuri/esp/projects/atv02/build/my_project.elf /home/yuri/esp/projects/atv02/build/bootloader/bootloader.elf -m '/home/yuri/.espressif/python_env/idf6.1_py3.14_env/bin/python' '/home/yuri/esp/esp-idf/tools/idf.py' '-p' '/dev/ttyACM0'
��+���app_main()
--------------
BUTTON: 1
PO�ESP-ROM:esp32s3-20210327
Build:Mar 27 2021
rst:0x1 (POWERON),boot:0x8 (SPI_FAST_FLASH_BOOT)
SPIWP:0xee
mode:DIO, clock div:1
load:0x3fce2820,len:0x1588
load:0x403c8700,len:0xda0
load:0x403cb700,len:0x2fa0
entry 0x403c8908
[0;32mI (24) boot: ESP-IDF v6.1-dev-1532-gb6e2de03f0-dirty 2nd stage bootloader[0m
[0;32mI (25) boot: compile time Apr 10 2026 11:16:02[0m
[0;32mI (25) boot: Multicore bootloader[0m
[0;32mI (27) boot: chip revision: v0.2[0m
[0;32mI (30) boot: efuse block revision: v1.3[0m
[0;32mI (33) boot.esp32s3: Boot SPI Speed : 80MHz[0m
[0;32mI (37) boot.esp32s3: SPI Mode       : DIO[0m
[0;32mI (41) boot.esp32s3: SPI Flash Size : 2MB[0m
[0;32mI (45) boot: Enabling RNG early entropy source...[0m
[0;32mI (49) boot: Partition Table:[0m
[0;32mI (52) boot: ## Label            Usage          Type ST Offset   Length[0m
[0;32mI (58) boot:  0 nvs              WiFi data        01 02 00009000 00006000[0m
[0;32mI (65) boot:  1 phy_init         RF data          01 01 0000f000 00001000[0m
[0;32mI (71) boot:  2 factory          factory app      00 00 00010000 00100000[0m
[0;32mI (78) boot: End of partition table[0m
[0;32mI (81) esp_image: segment 0: paddr=00010020 vaddr=3c020020 size=08488h ( 33928) map[0m
[0;32mI (95) esp_image: segment 1: paddr=000184b0 vaddr=3fc8fd00 size=02f48h ( 12104) load[0m
[0;32mI (98) esp_image: segment 2: paddr=0001b400 vaddr=40374000 size=04c18h ( 19480) load[0m
[0;32mI (108) esp_image: segment 3: paddr=00020020 vaddr=42000020 size=118f0h ( 71920) map[0m
[0;32mI (124) esp_image: segment 4: paddr=00031918 vaddr=40378c18 size=07068h ( 28776) load[0m
[0;32mI (130) esp_image: segment 5: paddr=00038988 vaddr=50000000 size=00024h (    36) load[0m
[0;32mI (136) boot: Loaded app from partition at offset 0x10000[0m
[0;32mI (136) boot: Disabling RNG early entropy source...[0m
[0;32mI (149) cpu_start: Multicore app[0m
[0;32mI (158) cpu_start: GPIO 44 and 43 are used as console UART I/O pins[0m
[0;32mI (158) cpu_start: Pro cpu start user code[0m
[0;32mI (159) cpu_start: cpu freq: 160000000 Hz[0m
[0;32mI (160) app_init: Application information:[0m
[0;32mI (164) app_init: Project name:     my_project[0m
[0;32mI (168) app_init: App version:      fda1c69-dirty[0m
[0;32mI (172) app_init: Compile time:     Apr 10 2026 11:15:57[0m
[0;32mI (177) app_init: ELF file SHA256:  aa62694a1...[0m
[0;32mI (182) app_init: ESP-IDF:          v6.1-dev-1532-gb6e2de03f0-dirty[0m
[0;32mI (188) efuse_init: Min chip rev:     v0.0[0m
[0;32mI (192) efuse_init: Max chip rev:     v0.99 [0m
[0;32mI (196) efuse_init: Chip rev:         v0.2[0m
[0;32mI (200) heap_init: Initializing. RAM available for dynamic allocation:[0m
[0;32mI (206) heap_init: At 3FC93530 len 000561E0 (344 KiB): RAM[0m
[0;32mI (211) heap_init: At 3FCE9710 len 00005724 (21 KiB): RAM[0m
[0;32mI (216) heap_init: At 3FCF0000 len 00008000 (32 KiB): DRAM[0m
[0;32mI (221) heap_init: At 600FE000 len 00001FE8 (7 KiB): RTCRAM[0m
[0;32mI (227) spi_flash: detected chip: generic[0m
[0;32mI (230) spi_flash: flash io: dio[0m
[0;33mW (233) spi_flash: Detected size(16384k) larger than the size in the binary image header(2048k). Using the size in the binary image header.[0m
[0;32mI (246) sleep_gpio: Configure to isolate all GPIO pins in sleep state[0m
[0;32mI (252) sleep_gpio: Enable automatic switching of GPIO sleep configuration[0m
[0;32mI (259) main_task: Started on CPU0[0m
[0;32mI (269) main_task: Calling app_main()[0m
--------------
BUTTON: 1
POT: 19
LDR: 4095
----------
MODE: 1
--------------
BUTTON: 1
POT: 21
LDR: 4095
----------
MODE: 1
--------------
BUTTON: 1
POT: 27
LDR: 4095
----------
MODE: 1
--------------
BUTTON: 1
POT: 23
LDR: 4095
----------
MODE: 1
--------------
BUTTON: 1
POT: 21
LDR: 4095
----------
MODE: 1
--------------
BUTTON: 1
POT: 21
LDR: 4095
----------
MODE: 1
--------------
BUTTON: 1
POT: 16
LDR: 4095
----------
MODE: 1
--------------
BUTTON: 1
POT: 25
LDR: 4095
----------
MODE: 1
--------------
BUTTON: 1
POT: 19
LDR: 4095
----------
MODE: 1
--------------
BUTTON: 1
POT: 36
LDR: 4095
----------
MODE: 1
--------------
BUTTON: 1
POT: 17
LDR: 4095
----------
MODE: 1
--------------
BUTTON: 1
POT: 25
LDR: 4095
----------
MODE: 1
--------------
BUTTON: 1
POT: 19
LDR: 4095
----------
MODE: 1
--------------
BUTTON: 1
POT: 27
LDR: 4095
----------
MODE: 1
--------------
BUTTON: 1
POT: 27
LDR: 4095
----------
MODE: 1
--------------
BUTTON: 1
POT: 25
LDR: 4095
----------
MODE: 1
--------------
BUTTON: 1
POT: 24
LDR: 4095
----------
MODE: 1
--------------
BUTTON: 1
POT: 28
LDR: 4095
----------
MODE: 1
--------------
BUTTON: 1
POT: 21
LDR: 4095
----------
MODE: 1
--------------
BUTTON: 1
POT: 23
LDR: 4095
----------
MODE: 1
--------------
BUTTON: 1
POT: 24
LDR: 4095
----------
MODE: 1
--------------
BUTTON: 1
POT: 25
LDR: 4095
----------
MODE: 1
--------------
BUTTON: 1
POT: 25
LDR: 4095
----------
MODE: 1
--------------
BUTTON: 1
POT: 27
LDR: 4095
----------
MODE: 1
--------------
BUTTON: 1
POT: 23
LDR: 4095
----------
MODE: 1
--------------
BUTTON: 1
POT: 44
LDR: 4095
----------
MODE: 1
--------------
BUTTON: 1
POT: 19
LDR: 4095
----------
MODE: 1
--------------
BUTTON: 1
POT: 26
LDR: 4095
----------
MODE: 1
--------------
BUTTON: 1
POT: 25
LDR: 4095
----------
MODE: 1
--------------
BUTTON: 1
POT: 19
LDR: 4095
----------
MODE: 1
--------------
BUTTON: 1
POT: 25
LDR: 4095
----------
MODE: 1
--------------
BUTTON: 1
POT: 24
LDR: 4095
----------
MODE: 1
--------------
BUTTON: 1
POT: 39
LDR: 4095
----------
MODE: 1
--------------
BUTTON: 1
POT: 31
LDR: 4095
----------
MODE: 1
--------------
BUTTON: 1
POT: 24
LDR: 4095
----------
MODE: 1
--------------
BUTTON: 1
POT: 25
LDR: 4095
----------
MODE: 1
--------------
BUTTON: 1
POT: 27
LDR: 4095
----------
MODE: 1
--------------
BUTTON: 1
POT: 22
LDR: 4095
----------
MODE: 1
--------------
BUTTON: 1
POT: 25
LDR: 4095
----------
MODE: 1
--------------
BUTTON: 1
POT: 25
LDR: 4095
----------
MODE: 1
--------------
BUTTON: 1
POT: 43
LDR: 4095
----------
MODE: 1
--------------
BUTTON: 1
POT: 26
LDR: 4095
----------
MODE: 1
--------------
BUTTON: 1
POT: 27
LDR: 4095
----------
MODE: 1
--------------
BUTTON: 1
POT: 25
LDR: 4095
----------
MODE: 1
--------------
BUTTON: 1
POT: 37
LDR: 4095
----------
MODE: 1
--------------
BUTTON: 1
POT: 29
LDR: 4095
----------
MODE: 1
--------------
BUTTON: 1
POT: 25
LDR: 4095
----------
MODE: 1
--------------
BUTTON: 1
POT: 16
LDR: 4095
----------
MODE: 1
--------------
BUTTON: 1
POT: 29
LDR: 4095
----------
MODE: 1
--------------
BUTTON: 1
POT: 36
LDR: 4095
----------
MODE: 1
--------------
BUTTON: 1
POT: 26
LDR: 4095
----------
MODE: 1
--------------
BUTTON: 1
POT: 25
LDR: 4095
----------
MODE: 1
--------------
BUTTON: 1
POT: 42
LDR: 4095
----------
MODE: 1
--------------
BUTTON: 1
POT: 25
LDR: 4095
----------
MODE: 1
--------------
BUTTON: 1
POT: 27
LDR: 4095
----------
MODE: 1
--------------
BUTTON: 1
POT: 23
LDR: 4095
----------
MODE: 1
--------------
BUTTON: 1
POT: 21
LDR: 4095
----------
MODE: 1
--------------
BUTTON: 1
POT: 13
LDR: 4095
----------
MODE: 1
--------------
BUTTON: 1
POT: 15
LDR: 4095
----------
MODE: 1
--------------
BUTTON: 1
POT: 33
LDR: 4095
----------
MODE: 1
--------------
BUTTON: 1
POT: 17
LDR: 4095
----------
MODE: 1
--------------
BUTTON: 1
POT: 23
LDR: 4095
----------
MODE: 1
--------------
BUTTON: 1
POT: 38
LDR: 4095
----------
MODE: 1
--------------
BUTTON: 1
POT: 485
LDR: 4095
----------
MODE: 1
--------------
BUTTON: 1
POT: 2581
LDR: 4095
----------
MODE: 1
--------------
BUTTON: 1
POT: 4095
LDR: 4095
----------
MODE: 1
--------------
BUTTON: 1
POT: 4095
LDR: 4095
----------
MODE: 1
--------------
BUTTON: 1
POT: 4095
LDR: 4095
----------
MODE: 1
--------------
BUTTON: 1
POT: 3179
LDR: 4095
----------
MODE: 1
--------------
BUTTON: 1
POT: 27
LDR: 4095
----------
MODE: 1
--------------
BUTTON: 1
POT: 25
LDR: 4095
----------
MODE: 1
--------------
BUTTON: 1
POT: 27
LDR: 4095
----------
MODE: 1
--------------
BUTTON: 1
POT: 27
LDR: 4095
----------
MODE: 1
--------------
BUTTON: 1
POT: 28
LDR: 4095
----------
MODE: 1
--------------
BUTTON: 1
POT: 25
LDR: 4095
----------
MODE: 1
--------------
BUTTON: 1
POT: 25
LDR: 4095
----------
MODE: 1
--------------
BUTTON: 1
POT: 27
LDR: 4095
----------
MODE: 1
--------------
BUTTON: 1
POT: 26
LDR: 4095
----------
MODE: 1
--------------
BUTTON: 1
POT: 25
LDR: 4095
----------
MODE: 1
--------------
BUTTON: 1
POT: 27
LDR: 4095
----------
MODE: 1
--------------
BUTTON: 1
POT: 28
LDR: 4095
----------
MODE: 1
--------------
BUTTON: 1
POT: 25
LDR: 4095
----------
MODE: 1
--------------
BUTTON: 1
POT: 25
LDR: 4095
----------
MODE: 1
--------------
BUTTON: 1
POT: 22
LDR: 4095
----------
MODE: 1
--------------
BUTTON: 1
POT: 22
LDR: 4095
----------
MODE: 1
--------------
BUTTON: 1
POT: 21
LDR: 4095
----------
MODE: 1
--------------
BUTTON: 1
POT: 25
LDR: 4095
----------
MODE: 1
--------------
BUTTON: 1
POT: 29
LDR: 4095
----------
MODE: 1
--------------
BUTTON: 1
POT: 38
LDR: 4095
----------
MODE: 1
--------------
BUTTON: 1
POT: 29
LDR: 4095
----------
MODE: 1
--------------
BUTTON: 1
POT: 31
LDR: 4095
----------
MODE: 1
--------------
BUTTON: 1
POT: 574
LDR: 4095
----------
MODE: 1
--------------
BUTTON: 1
POT: 1901
LDR: 4095
----------
MODE: 1
--------------
BUTTON: 1
POT: 3939
LDR: 4095
----------
MODE: 1
--------------
BUTTON: 1
POT: 4095
LDR: 4095
----------
MODE: 1
--------------
BUTTON: 0
POT: 4095
LDR: 4095
----------
MODE: 1
--------------
BUTTON: 1
POT: 4095
LDR: 4095
----------
MODE: 0
--------------
BUTTON: 1
POT: 4095
LDR: 4095
----------
MODE: 0
--------------
BUTTON: 1
POT: 4095
LDR: 4095
----------
MODE: 0
--------------
BUTTON: 1
POT: 4095
LDR: 4095
----------
MODE: 0
--------------
BUTTON: 1
POT: 4095
LDR: 4095
----------
MODE: 0
--------------
BUTTON: 1
POT: 4095
LDR: 2059
----------
MODE: 0
--------------
BUTTON: 1
POT: 4095
LDR: 2339
----------
MODE: 0
--------------
BUTTON: 1
POT: 4095
LDR: 2360
----------
MODE: 0
--------------
BUTTON: 1
POT: 4095
LDR: 1379
----------
MODE: 0
--------------
BUTTON: 1
POT: 4095
LDR: 1939
----------
MODE: 0
--------------
BUTTON: 1
POT: 4095
LDR: 1994
----------
MODE: 0
--------------
BUTTON: 1
POT: 4095
LDR: 2622
----------
MODE: 0
--------------
BUTTON: 1
POT: 4095
LDR: 2253
----------
MODE: 0
--------------
BUTTON: 1
POT: 4095
LDR: 1484
----------
MODE: 0
--------------
BUTTON: 1
POT: 4095
LDR: 2421
----------
MODE: 0
--------------
BUTTON: 1
POT: 4095
LDR: 4095
----------
MODE: 0
--------------
BUTTON: 1
POT: 4095
LDR: 4095
----------
MODE: 0
--------------
BUTTON: 1
POT: 4095
LDR: 1950
----------
MODE: 0
--------------
BUTTON: 1
POT: 4095
LDR: 1797
----------
MODE: 0
--------------
BUTTON: 1
POT: 4095
LDR: 1763
----------
MODE: 0
--------------
BUTTON: 1
POT: 4095
LDR: 1908
----------
MODE: 0
--------------
BUTTON: 1
POT: 4095
LDR: 2331
----------
MODE: 0
--------------
BUTTON: 1
POT: 4095
LDR: 4095
----------
MODE: 0
--------------
BUTTON: 1
POT: 4095
LDR: 1443
----------
MODE: 0
--------------
BUTTON: 1
POT: 4095
LDR: 2982
----------
MODE: 0
--------------
BUTTON: 1
POT: 4095
LDR: 4095
----------
MODE: 0
--------------
BUTTON: 1
POT: 4095
LDR: 4095
----------
MODE: 0
--------------
BUTTON: 1
POT: 4095
LDR: 4095
----------
MODE: 0
--------------
BUTTON: 1
POT: 4095
LDR: 4095
----------
MODE: 0
--------------
BUTTON: 1
POT: 4095
LDR: 4095
----------
MODE: 0
--------------
BUTTON: 1
POT: 4095
LDR: 3427
----------
MODE: 0
--------------
BUTTON: 1
POT: 4095
LDR: 2941
----------
MODE: 0
--------------
BUTTON: 1
POT: 4095
LDR: 3347
----------
MODE: 0
--------------
BUTTON: 1
POT: 4095
LDR: 3384
----------
MODE: 0
--------------
BUTTON: 1
POT: 4095
LDR: 4095
----------
MODE: 0
--------------
BUTTON: 1
POT: 4095
LDR: 4095
----------
MODE: 0
--------------
BUTTON: 1
POT: 4095
LDR: 2213
----------
MODE: 0
--------------
BUTTON: 1
POT: 4095
LDR: 4095
----------
MODE: 0
--------------
BUTTON: 1
POT: 4095
LDR: 4095
----------
MODE: 0
--------------
BUTTON: 1
POT: 4095
LDR: 1763
----------
MODE: 0
--------------
BUTTON: 1
POT: 4095
LDR: 1273
----------
MODE: 0
--------------
BUTTON: 1
POT: 4095
LDR: 746
----------
MODE: 0
--------------
BUTTON: 1
POT: 4095
LDR: 1310
----------
MODE: 0
--------------
BUTTON: 1
POT: 4095
LDR: 1885
----------
MODE: 0
--------------
BUTTON: 1
POT: 4095
LDR: 1438
----------
MODE: 0
--------------
BUTTON: 1
POT: 4095
LDR: 2315
----------
MODE: 0
--------------
BUTTON: 1
POT: 4095
LDR: 2163
----------
MODE: 0
--------------
BUTTON: 1
POT: 4095
LDR: 1727
----------
MODE: 0
--------------
BUTTON: 1
POT: 4095
LDR: 1811
----------
MODE: 0
--------------
BUTTON: 1
POT: 4095
LDR: 1387
----------
MODE: 0
--------------
BUTTON: 1
POT: 4095
LDR: 1382
----------
MODE: 0
--------------
BUTTON: 1
POT: 4095
LDR: 1356
----------
MODE: 0
--------------
BUTTON: 1
POT: 4095
LDR: 1820
----------
MODE: 0
--------------
BUTTON: 1
POT: 4095
LDR: 2169
----------
MODE: 0
--------------
BUTTON: 1
POT: 4095
LDR: 1511
----------
MODE: 0
--------------
BUTTON: 1
POT: 4095
LDR: 1339
----------
MODE: 0
--------------
BUTTON: 1
POT: 4095
LDR: 1701
----------
MODE: 0
--------------
BUTTON: 1
POT: 4095
LDR: 2515
----------
MODE: 0
--------------
BUTTON: 1
POT: 4095
LDR: 1395
----------
MODE: 0
--------------
BUTTON: 1
POT: 4095
LDR: 1496
----------
MODE: 0
--------------
BUTTON: 1
POT: 4095
LDR: 1429
----------
MODE: 0
--------------
BUTTON: 1
POT: 4095
LDR: 1236
----------
MODE: 0
--------------
BUTTON: 1
POT: 4095
LDR: 1181
----------
MODE: 0
--------------
BUTTON: 1
POT: 4095
LDR: 1179
----------
MODE: 0
--------------
BUTTON: 1
POT: 4095
LDR: 1491
----------
MODE: 0
--------------
BUTTON: 1
POT: 4095
LDR: 2227
----------
MODE: 0
--------------
BUTTON: 1
POT: 4095
LDR: 1482
----------
MODE: 0
--------------
BUTTON: 1
POT: 4095
LDR: 704
----------
MODE: 0
--------------
BUTTON: 1
POT: 4095
LDR: 908
----------
MODE: 0
--------------
BUTTON: 1
POT: 4095
LDR: 916
----------
MODE: 0
--------------
BUTTON: 1
POT: 4095
LDR: 1389
----------
MODE: 0
--------------
BUTTON: 1
POT: 4095
LDR: 1564
----------
MODE: 0
--------------
BUTTON: 1
POT: 4095
LDR: 1467
----------
MODE: 0
--------------
BUTTON: 1
POT: 4095
LDR: 3241
----------
MODE: 0
--------------
BUTTON: 1
POT: 4095
LDR: 4095
----------
MODE: 0
--------------
BUTTON: 1
POT: 4095
LDR: 4095
----------
MODE: 0
--------------
BUTTON: 1
POT: 4095
LDR: 4095
----------
MODE: 0
--------------
BUTTON: 1
POT: 4095
LDR: 4095
----------
MODE: 0
--------------
BUTTON: 1
POT: 4095
LDR: 4095
----------
MODE: 0
--------------
BUTTON: 1
POT: 4095
LDR: 4095
----------
MODE: 0
--------------
BUTTON: 1
POT: 4095
LDR: 4095
----------
MODE: 0
--------------
BUTTON: 1
POT: 4095
LDR: 4095
----------
MODE: 0
--------------
BUTTON: 1
POT: 4095
LDR: 4095
----------
MODE: 0
--------------
BUTTON: 1
POT: 4095
LDR: 4095
----------
MODE: 0
--------------
BUTTON: 1
POT: 4095
LDR: 4095
----------
MODE: 0
--------------
BUTTON: 1
POT: 4095
LDR: 4095
----------
MODE: 0
--------------
BUTTON: 1
POT: 4095
LDR: 4095
----------
MODE: 0
--------------
BUTTON: 1
POT: 4095
LDR: 4095
----------
MODE: 0
--------------
BUTTON: 1
POT: 4095
LDR: 4095
----------
MODE: 0
--------------
BUTTON: 1
POT: 4095
LDR: 4095
----------
MODE: 0
--------------
BUTTON: 1
POT: 4095
LDR: 4095
----------
MODE: 0
--------------
BUTTON: 1
POT: 4095
LDR: 4095
----------
MODE: 0
--------------
BUTTON: 1
POT: 4095
LDR: 4095
----------
MODE: 0
--------------
BUTTON: 1
POT: 4095
LDR: 4095
----------
MODE: 0
--------------
BUTTON: 1
POT: 4095
LDR: 4095
----------
MODE: 0
--------------
BUTTON: 1
POT: 4095
LDR: 4095
----------
MODE: 0
--------------
BUTTON: 1
POT: 4095
LDR: 4095
----------
MODE: 0
--------------
BUTTON: 1
POT: 4095
LDR: 4095
----------
MODE: 0
--------------
BUTTON: 1
POT: 4095
LDR: 4095
----------
MODE: 0
--------------
BUTTON: 1
POT: 4095
LDR: 4095
----------
MODE: 0
--------------
BUTTON: 1
POT: 4095
LDR: 4095
----------
MODE: 0
--------------
BUTTON: 1
POT: 4095
LDR: 4095
----------
MODE: 0
--------------
BUTTON: 1
POT: 4095
LDR: 4095
----------
MODE: 0
--------------
BUTTON: 1
POT: 4095
LDR: 4095
----------
MODE: 0
--------------
BUTTON: 1
POT: 4095
LDR: 4095
----------
MODE: 0
--------------
BUTTON: 1
POT: 4095
LDR: 4095
----------
MODE: 0
--------------
BUTTON: 1
POT: 4095
LDR: 4095
----------
MODE: 0
--------------
BUTTON: 1
POT: 4095
LDR: 4095
----------
MODE: 0
--------------
BUTTON: 1
POT: 4095
LDR: 4095
----------
MODE: 0
--------------
BUTTON: 1
POT: 4095
LDR: 4095
----------
MODE: 0
